../Core/Src/main.c:156:10:Get_SysTime	0	static
../Core/Src/main.c:164:6:System_EnterSleep	8	static
../Core/Src/main.c:203:18:Key_GetEvent	0	static
../Core/Src/main.c:219:6:Key_ClearEvent	0	static
../Core/Src/main.c:224:6:Key_WaitForNext	0	static
../Core/Src/main.c:229:6:Key_Lock	0	static
../Core/Src/main.c:234:6:Key_UnLock	0	static
../Core/Src/main.c:239:20:Stick_GetState	0	static
../Core/Src/main.c:244:20:Stick_GetEvent	0	static
../Core/Src/main.c:252:6:Stick_ClearEvent	0	static
../Core/Src/main.c:257:6:Get_Coordinate	8	static
../Core/Src/main.c:271:6:Square2Disc	48	static
../Core/Src/main.c:286:6:CheakSER	4	static
../Core/Src/main.c:329:6:lv_scr_init	32	static
../Core/Src/main.c:359:6:lv_ex_label	16	static
../Core/Src/main.c:426:6:lv_scr2_init	16	static
../Core/Src/main.c:483:6:scr_sel_lable	24	static
../Core/Src/main.c:506:6:HAL_GPIO_EXTI_Callback	0	static
../Core/Src/main.c:518:6:xl1278_TxCpltCallback	24	static
../Core/Src/main.c:542:6:xl1278_RxCpltCallback	40	static
../Core/Src/main.c:571:6:HAL_UART_RxCpltCallback	0	static
../Core/Src/main.c:579:6:HAL_TIM_PeriodElapsedCallback	48	static
../Core/Src/main.c:966:6:SystemClock_Config	104	static,ignoring_inline_asm
../Core/Src/main.c:174:6:System_EnterStop	32	static
../Core/Src/main.c:669:5:main	64	static
../Core/Src/main.c:1018:6:Error_Handler	0	static,ignoring_inline_asm
