../Core/Src/main.c:178:10:Get_SysTime	0	static
../Core/Src/main.c:183:6:LCD_PowerOff	0	static
../Core/Src/main.c:189:6:LCD_PowerOn	0	static
../Core/Src/main.c:197:6:LCD_Stop	8	static
../Core/Src/main.c:208:6:LCD_WakeUp	8	static
../Core/Src/main.c:219:6:LoRa_PowerOff	0	static
../Core/Src/main.c:225:6:LoRa_PowerOn	0	static
../Core/Src/main.c:233:6:LoRa_Stop	8	static
../Core/Src/main.c:243:6:LoRa_WakeUp	8	static
../Core/Src/main.c:250:6:RS485_PowerOff	0	static
../Core/Src/main.c:255:6:RS485_PowerOn	0	static
../Core/Src/main.c:263:6:RS485_Stop	8	static
../Core/Src/main.c:269:6:RS485_WakeUp	8	static
../Core/Src/main.c:276:6:System_GPIO_CLK_DISABLE	0	static
../Core/Src/main.c:285:6:System_TIM_Init	8	static
../Core/Src/main.c:293:6:System_TIM_DeInit	8	static
../Core/Src/main.c:300:6:System_SetWakeUpTime	0	static
../Core/Src/main.c:307:6:System_EnterSleep	8	static
../Core/Src/main.c:359:18:Key_GetEvent	0	static
../Core/Src/main.c:375:6:Key_ClearEvent	0	static
../Core/Src/main.c:380:6:Key_WaitForNext	0	static
../Core/Src/main.c:385:6:Key_Lock	0	static
../Core/Src/main.c:390:6:Key_UnLock	0	static
../Core/Src/main.c:396:6:CheakSER	4	static
../Core/Src/main.c:439:6:lv_scr_init	32	static
../Core/Src/main.c:469:6:lv_ex_label	16	static
../Core/Src/main.c:504:6:lv_scr2_init	16	static
../Core/Src/main.c:553:6:scr_sel_lable	24	static
../Core/Src/main.c:577:6:HAL_RTCEx_WakeUpTimerEventCallback	0	static
../Core/Src/main.c:583:6:HAL_GPIO_EXTI_Callback	0	static
../Core/Src/main.c:595:6:xl1278_TxCpltCallback	24	static
../Core/Src/main.c:619:6:xl1278_RxCpltCallback	40	static
../Core/Src/main.c:648:6:HAL_UART_RxCpltCallback	0	static
../Core/Src/main.c:656:6:HAL_TIM_PeriodElapsedCallback	8	static
../Core/Src/main.c:968:6:SystemClock_Config	104	static,ignoring_inline_asm
../Core/Src/main.c:317:6:System_EnterStop	48	static
../Core/Src/main.c:730:5:main	48	static
../Core/Src/main.c:1026:6:Error_Handler	0	static,ignoring_inline_asm
