../Core/Src/main.c:148:10:Get_SysTime	0	static
../Core/Src/main.c:153:6:LCD_PowerOff	0	static
../Core/Src/main.c:158:6:LCD_PowerOn	0	static
../Core/Src/main.c:166:6:LCD_Stop	8	static
../Core/Src/main.c:177:6:LCD_WakeUp	8	static
../Core/Src/main.c:188:6:LoRa_PowerOff	0	static
../Core/Src/main.c:193:6:LoRa_PowerOn	0	static
../Core/Src/main.c:201:6:LoRa_Stop	8	static
../Core/Src/main.c:211:6:LoRa_WakeUp	8	static
../Core/Src/main.c:218:6:RS485_PowerOff	0	static
../Core/Src/main.c:223:6:RS485_PowerOn	0	static
../Core/Src/main.c:231:6:RS485_Stop	8	static
../Core/Src/main.c:237:6:RS485_WakeUp	8	static
../Core/Src/main.c:244:6:System_SetWakeUpTime	0	static
../Core/Src/main.c:251:6:System_EnterSleep	8	static
../Core/Src/main.c:302:18:Key_GetEvent	0	static
../Core/Src/main.c:318:6:Key_ClearEvent	0	static
../Core/Src/main.c:323:6:Key_WaitForNext	0	static
../Core/Src/main.c:328:6:Key_Lock	0	static
../Core/Src/main.c:333:6:Key_UnLock	0	static
../Core/Src/main.c:339:6:CheakSER	4	static
../Core/Src/main.c:382:6:lv_scr_init	32	static
../Core/Src/main.c:412:6:lv_ex_label	16	static
../Core/Src/main.c:447:6:lv_scr2_init	16	static
../Core/Src/main.c:496:6:scr_sel_lable	24	static
../Core/Src/main.c:520:6:HAL_RTCEx_WakeUpTimerEventCallback	0	static
../Core/Src/main.c:526:6:HAL_GPIO_EXTI_Callback	0	static
../Core/Src/main.c:538:6:xl1278_TxCpltCallback	24	static
../Core/Src/main.c:562:6:xl1278_RxCpltCallback	40	static
../Core/Src/main.c:591:6:HAL_UART_RxCpltCallback	0	static
../Core/Src/main.c:599:6:HAL_TIM_PeriodElapsedCallback	8	static
../Core/Src/main.c:888:6:SystemClock_Config	104	static,ignoring_inline_asm
../Core/Src/main.c:261:6:System_EnterStop	48	static
../Core/Src/main.c:659:5:main	48	static
../Core/Src/main.c:946:6:Error_Handler	0	static,ignoring_inline_asm
