../Core/Src/main.c:158:10:Get_SysTime	1
../Core/Src/main.c:166:6:System_EnterSleep	1
../Core/Src/main.c:214:18:Key_GetEvent	3
../Core/Src/main.c:230:6:Key_ClearEvent	1
../Core/Src/main.c:235:6:Key_WaitForNext	1
../Core/Src/main.c:240:6:Key_Lock	1
../Core/Src/main.c:245:6:Key_UnLock	1
../Core/Src/main.c:302:6:CheakSER	3
../Core/Src/main.c:345:6:lv_scr_init	1
../Core/Src/main.c:375:6:lv_ex_label	1
../Core/Src/main.c:442:6:lv_scr2_init	2
../Core/Src/main.c:505:6:scr_sel_lable	4
../Core/Src/main.c:529:6:HAL_RTCEx_WakeUpTimerEventCallback	1
../Core/Src/main.c:535:6:HAL_GPIO_EXTI_Callback	4
../Core/Src/main.c:547:6:xl1278_TxCpltCallback	3
../Core/Src/main.c:571:6:xl1278_RxCpltCallback	5
../Core/Src/main.c:600:6:HAL_UART_RxCpltCallback	1
../Core/Src/main.c:608:6:HAL_TIM_PeriodElapsedCallback	12
../Core/Src/main.c:894:6:SystemClock_Config	4
../Core/Src/main.c:176:6:System_EnterStop	1
../Core/Src/main.c:668:5:main	25
../Core/Src/main.c:952:6:Error_Handler	1
