../Core/Src/main.c:187:10:Get_SysTime	0	static
../Core/Src/main.c:192:6:LCD_PowerOff	0	static
../Core/Src/main.c:197:6:LCD_PowerOn	0	static
../Core/Src/main.c:205:6:LCD_Stop	8	static
../Core/Src/main.c:218:6:LCD_WakeUp	8	static
../Core/Src/main.c:229:6:LoRa_PowerOff	0	static
../Core/Src/main.c:234:6:LoRa_PowerOn	0	static
../Core/Src/main.c:242:6:LoRa_Stop	8	static
../Core/Src/main.c:255:6:LoRa_WakeUp	8	static
../Core/Src/main.c:264:6:RS485_PowerOff	0	static
../Core/Src/main.c:269:6:RS485_PowerOn	0	static
../Core/Src/main.c:277:6:RS485_Stop	8	static
../Core/Src/main.c:283:6:RS485_WakeUp	8	static
../Core/Src/main.c:290:6:System_GPIO_CLK_DISABLE	0	static
../Core/Src/main.c:298:6:System_GPIO_CLK_ENABLE	24	static
../Core/Src/main.c:307:6:System_TIM_Init	8	static
../Core/Src/main.c:315:6:System_TIM_DeInit	8	static
../Core/Src/main.c:322:6:System_SetWakeUpTime	0	static
../Core/Src/main.c:329:6:System_EnterSleep	8	static
../Core/Src/main.c:384:18:Key_GetEvent	0	static
../Core/Src/main.c:400:6:Key_ClearEvent	0	static
../Core/Src/main.c:405:6:Key_WaitForNext	0	static
../Core/Src/main.c:410:6:Key_Lock	0	static
../Core/Src/main.c:415:6:Key_UnLock	0	static
../Core/Src/main.c:421:6:CheakSER	4	static
../Core/Src/main.c:464:6:lv_scr_init	32	static
../Core/Src/main.c:494:6:lv_ex_label	16	static
../Core/Src/main.c:529:6:lv_scr2_init	16	static
../Core/Src/main.c:578:6:scr_sel_lable	24	static
../Core/Src/main.c:602:6:HAL_RTCEx_WakeUpTimerEventCallback	0	static
../Core/Src/main.c:608:6:HAL_GPIO_EXTI_Callback	0	static
../Core/Src/main.c:620:6:xl1278_TxCpltCallback	24	static
../Core/Src/main.c:644:6:xl1278_RxCpltCallback	40	static
../Core/Src/main.c:673:6:HAL_UART_RxCpltCallback	0	static
../Core/Src/main.c:681:6:HAL_TIM_PeriodElapsedCallback	8	static
../Core/Src/main.c:996:6:SystemClock_Config	104	static,ignoring_inline_asm
../Core/Src/main.c:339:6:System_EnterStop	32	static
../Core/Src/main.c:755:5:main	48	static
../Core/Src/main.c:1054:6:Error_Handler	0	static,ignoring_inline_asm
