../Core/Src/main.c:158:10:Get_SysTime	0	static
../Core/Src/main.c:166:6:System_EnterSleep	8	static
../Core/Src/main.c:214:18:Key_GetEvent	0	static
../Core/Src/main.c:230:6:Key_ClearEvent	0	static
../Core/Src/main.c:235:6:Key_WaitForNext	0	static
../Core/Src/main.c:240:6:Key_Lock	0	static
../Core/Src/main.c:245:6:Key_UnLock	0	static
../Core/Src/main.c:302:6:CheakSER	4	static
../Core/Src/main.c:345:6:lv_scr_init	32	static
../Core/Src/main.c:375:6:lv_ex_label	16	static
../Core/Src/main.c:442:6:lv_scr2_init	16	static
../Core/Src/main.c:505:6:scr_sel_lable	24	static
../Core/Src/main.c:529:6:HAL_RTCEx_WakeUpTimerEventCallback	0	static
../Core/Src/main.c:535:6:HAL_GPIO_EXTI_Callback	0	static
../Core/Src/main.c:547:6:xl1278_TxCpltCallback	24	static
../Core/Src/main.c:571:6:xl1278_RxCpltCallback	40	static
../Core/Src/main.c:600:6:HAL_UART_RxCpltCallback	0	static
../Core/Src/main.c:608:6:HAL_TIM_PeriodElapsedCallback	8	static
../Core/Src/main.c:894:6:SystemClock_Config	104	static,ignoring_inline_asm
../Core/Src/main.c:176:6:System_EnterStop	48	static
../Core/Src/main.c:668:5:main	48	static
../Core/Src/main.c:952:6:Error_Handler	0	static,ignoring_inline_asm
