../Core/Src/main.c:182:10:Get_SysTime	0	static
../Core/Src/main.c:187:6:LCD_PowerOff	0	static
../Core/Src/main.c:193:6:LCD_PowerOn	0	static
../Core/Src/main.c:201:6:LCD_Stop	8	static
../Core/Src/main.c:212:6:LCD_WakeUp	8	static
../Core/Src/main.c:223:6:LoRa_PowerOff	0	static
../Core/Src/main.c:229:6:LoRa_PowerOn	0	static
../Core/Src/main.c:237:6:LoRa_Stop	8	static
../Core/Src/main.c:247:6:LoRa_WakeUp	8	static
../Core/Src/main.c:254:6:RS485_PowerOff	0	static
../Core/Src/main.c:259:6:RS485_PowerOn	0	static
../Core/Src/main.c:267:6:RS485_Stop	8	static
../Core/Src/main.c:273:6:RS485_WakeUp	8	static
../Core/Src/main.c:280:6:System_GPIO_CLK_DISABLE	0	static
../Core/Src/main.c:289:6:System_TIM_Init	8	static
../Core/Src/main.c:297:6:System_TIM_DeInit	8	static
../Core/Src/main.c:304:6:System_SetWakeUpTime	0	static
../Core/Src/main.c:311:6:System_EnterSleep	8	static
../Core/Src/main.c:367:18:Key_GetEvent	0	static
../Core/Src/main.c:383:6:Key_ClearEvent	0	static
../Core/Src/main.c:388:6:Key_WaitForNext	0	static
../Core/Src/main.c:393:6:Key_Lock	0	static
../Core/Src/main.c:398:6:Key_UnLock	0	static
../Core/Src/main.c:404:6:CheakSER	4	static
../Core/Src/main.c:447:6:lv_scr_init	32	static
../Core/Src/main.c:477:6:lv_ex_label	16	static
../Core/Src/main.c:512:6:lv_scr2_init	16	static
../Core/Src/main.c:561:6:scr_sel_lable	24	static
../Core/Src/main.c:585:6:HAL_RTCEx_WakeUpTimerEventCallback	0	static
../Core/Src/main.c:591:6:HAL_GPIO_EXTI_Callback	0	static
../Core/Src/main.c:603:6:xl1278_TxCpltCallback	24	static
../Core/Src/main.c:627:6:xl1278_RxCpltCallback	40	static
../Core/Src/main.c:656:6:HAL_UART_RxCpltCallback	0	static
../Core/Src/main.c:664:6:HAL_TIM_PeriodElapsedCallback	8	static
../Core/Src/main.c:978:6:SystemClock_Config	104	static,ignoring_inline_asm
../Core/Src/main.c:321:6:System_EnterStop	40	static
../Core/Src/main.c:738:5:main	48	static
../Core/Src/main.c:1036:6:Error_Handler	0	static,ignoring_inline_asm
