../Core/Src/main.c:154:10:Get_SysTime	0	static
../Core/Src/main.c:159:6:LCD_PowerOff	0	static
../Core/Src/main.c:164:6:LCD_PowerOn	0	static
../Core/Src/main.c:172:6:LCD_Stop	8	static
../Core/Src/main.c:183:6:LCD_WakeUp	8	static
../Core/Src/main.c:194:6:LoRa_PowerOff	0	static
../Core/Src/main.c:199:6:LoRa_PowerOn	0	static
../Core/Src/main.c:207:6:LoRa_Stop	8	static
../Core/Src/main.c:217:6:LoRa_WakeUp	8	static
../Core/Src/main.c:224:6:RS485_PowerOff	0	static
../Core/Src/main.c:229:6:RS485_PowerOn	0	static
../Core/Src/main.c:237:6:RS485_Stop	8	static
../Core/Src/main.c:243:6:RS485_WakeUp	8	static
../Core/Src/main.c:250:6:System_SetWakeUpTime	0	static
../Core/Src/main.c:257:6:System_EnterSleep	8	static
../Core/Src/main.c:308:18:Key_GetEvent	0	static
../Core/Src/main.c:324:6:Key_ClearEvent	0	static
../Core/Src/main.c:329:6:Key_WaitForNext	0	static
../Core/Src/main.c:334:6:Key_Lock	0	static
../Core/Src/main.c:339:6:Key_UnLock	0	static
../Core/Src/main.c:345:6:CheakSER	4	static
../Core/Src/main.c:388:6:lv_scr_init	32	static
../Core/Src/main.c:418:6:lv_ex_label	16	static
../Core/Src/main.c:453:6:lv_scr2_init	16	static
../Core/Src/main.c:502:6:scr_sel_lable	24	static
../Core/Src/main.c:526:6:HAL_RTCEx_WakeUpTimerEventCallback	0	static
../Core/Src/main.c:532:6:HAL_GPIO_EXTI_Callback	0	static
../Core/Src/main.c:544:6:xl1278_TxCpltCallback	24	static
../Core/Src/main.c:568:6:xl1278_RxCpltCallback	40	static
../Core/Src/main.c:597:6:HAL_UART_RxCpltCallback	0	static
../Core/Src/main.c:605:6:HAL_TIM_PeriodElapsedCallback	8	static
../Core/Src/main.c:917:6:SystemClock_Config	104	static,ignoring_inline_asm
../Core/Src/main.c:267:6:System_EnterStop	48	static
../Core/Src/main.c:679:5:main	48	static
../Core/Src/main.c:975:6:Error_Handler	0	static,ignoring_inline_asm
