../Core/Src/main.c:148:10:Get_SysTime	0	static
../Core/Src/main.c:153:6:LCD_PowerOff	0	static
../Core/Src/main.c:158:6:LCD_PowerOn	0	static
../Core/Src/main.c:163:6:LoRa_PowerOff	0	static
../Core/Src/main.c:168:6:LoRa_PowerOn	0	static
../Core/Src/main.c:173:6:RS485_PowerOff	0	static
../Core/Src/main.c:178:6:RS485_PowerOn	0	static
../Core/Src/main.c:186:6:System_EnterSleep	8	static
../Core/Src/main.c:234:18:Key_GetEvent	0	static
../Core/Src/main.c:250:6:Key_ClearEvent	0	static
../Core/Src/main.c:255:6:Key_WaitForNext	0	static
../Core/Src/main.c:260:6:Key_Lock	0	static
../Core/Src/main.c:265:6:Key_UnLock	0	static
../Core/Src/main.c:271:6:CheakSER	4	static
../Core/Src/main.c:314:6:lv_scr_init	32	static
../Core/Src/main.c:344:6:lv_ex_label	16	static
../Core/Src/main.c:379:6:lv_scr2_init	16	static
../Core/Src/main.c:428:6:scr_sel_lable	24	static
../Core/Src/main.c:452:6:HAL_RTCEx_WakeUpTimerEventCallback	0	static
../Core/Src/main.c:458:6:HAL_GPIO_EXTI_Callback	0	static
../Core/Src/main.c:470:6:xl1278_TxCpltCallback	24	static
../Core/Src/main.c:494:6:xl1278_RxCpltCallback	40	static
../Core/Src/main.c:523:6:HAL_UART_RxCpltCallback	0	static
../Core/Src/main.c:531:6:HAL_TIM_PeriodElapsedCallback	8	static
../Core/Src/main.c:820:6:SystemClock_Config	104	static,ignoring_inline_asm
../Core/Src/main.c:196:6:System_EnterStop	48	static
../Core/Src/main.c:591:5:main	48	static
../Core/Src/main.c:878:6:Error_Handler	0	static,ignoring_inline_asm
