../Core/Src/main.c:156:10:Get_SysTime	0	static
../Core/Src/main.c:164:6:System_EnterSleep	8	static
../Core/Src/main.c:202:18:Key_GetEvent	0	static
../Core/Src/main.c:218:6:Key_ClearEvent	0	static
../Core/Src/main.c:223:6:Key_WaitForNext	0	static
../Core/Src/main.c:228:6:Key_Lock	0	static
../Core/Src/main.c:233:6:Key_UnLock	0	static
../Core/Src/main.c:238:20:Stick_GetState	0	static
../Core/Src/main.c:243:20:Stick_GetEvent	0	static
../Core/Src/main.c:251:6:Stick_ClearEvent	0	static
../Core/Src/main.c:256:6:Get_Coordinate	8	static
../Core/Src/main.c:270:6:Square2Disc	48	static
../Core/Src/main.c:285:6:CheakSER	4	static
../Core/Src/main.c:328:6:lv_scr_init	32	static
../Core/Src/main.c:358:6:lv_ex_label	16	static
../Core/Src/main.c:425:6:lv_scr2_init	16	static
../Core/Src/main.c:482:6:scr_sel_lable	24	static
../Core/Src/main.c:505:6:HAL_GPIO_EXTI_Callback	0	static
../Core/Src/main.c:517:6:xl1278_TxCpltCallback	24	static
../Core/Src/main.c:541:6:xl1278_RxCpltCallback	40	static
../Core/Src/main.c:570:6:HAL_UART_RxCpltCallback	0	static
../Core/Src/main.c:578:6:HAL_TIM_PeriodElapsedCallback	48	static
../Core/Src/main.c:965:6:SystemClock_Config	104	static,ignoring_inline_asm
../Core/Src/main.c:174:6:System_EnterStop	32	static
../Core/Src/main.c:668:5:main	64	static
../Core/Src/main.c:1017:6:Error_Handler	0	static,ignoring_inline_asm
