../Core/Src/xl1278smt_driver.c:1265:13:xl1278_TxCpltCallback	0	static
../Core/Src/xl1278smt_driver.c:1270:13:xl1278_RxCpltCallback	0	static
../Core/Src/xl1278smt_driver.c:22:6:Delay_cycles	8	static
../Core/Src/xl1278smt_driver.c:32:6:xl1278_Channel_Enable	0	static
../Core/Src/xl1278smt_driver.c:44:6:xl1278_Channel_Disable	0	static
../Core/Src/xl1278smt_driver.c:56:5:xl1278_RegWrite	16	static
../Core/Src/xl1278smt_driver.c:79:5:xl1278_RegRead	32	static
../Core/Src/xl1278smt_driver.c:101:5:xl1278_FifoWrite	32	static
../Core/Src/xl1278smt_driver.c:124:5:xl1278_FifoRead	32	static
../Core/Src/xl1278smt_driver.c:146:5:xl1278_SetSleep	16	static
../Core/Src/xl1278smt_driver.c:162:5:xl1278_SetStandby	16	static
../Core/Src/xl1278smt_driver.c:179:5:xl1278_SetOpMode	16	static
../Core/Src/xl1278smt_driver.c:191:5:xl1278_GetOpMode	32	static
../Core/Src/xl1278smt_driver.c:206:5:xl1278_SetFreq	40	static
../Core/Src/xl1278smt_driver.c:227:5:xl1278_GetFreq	56	static
../Core/Src/xl1278smt_driver.c:245:5:xl1278_SetFifoAddrPtr	16	static
../Core/Src/xl1278smt_driver.c:261:5:xl1278_SetFifoTxBaseAddr	16	static
../Core/Src/xl1278smt_driver.c:277:5:xl1278_SetFifoRxBaseAddr	16	static
../Core/Src/xl1278smt_driver.c:293:5:xl1278_SetPreamble	32	static
../Core/Src/xl1278smt_driver.c:309:5:xl1278_ClearIrq	16	static
../Core/Src/xl1278smt_driver.c:325:5:xl1278_GetRxNbBytes	24	static
../Core/Src/xl1278smt_driver.c:337:5:xl1278_GetSNR	24	static
../Core/Src/xl1278smt_driver.c:359:5:xl1278_GetRSSI	24	static
../Core/Src/xl1278smt_driver.c:376:5:xl1278_SetRxSglConfig	56	static
../Core/Src/xl1278smt_driver.c:401:5:xl1278_SetRxContConfig	56	static
../Core/Src/xl1278smt_driver.c:426:5:xl1278_SetTxConfig	48	static
../Core/Src/xl1278smt_driver.c:449:5:xl1278_RxPacket	64	static
../Core/Src/xl1278smt_driver.c:473:5:xl1278_TxPacket	48	static
../Core/Src/xl1278smt_driver.c:495:6:xl1278_DeviceCheak	24	static
../Core/Src/xl1278smt_driver.c:508:6:xl1278_Reset	16	static
../Core/Src/xl1278smt_driver.c:521:5:xl1278_Init	104	static
../Core/Src/xl1278smt_driver.c:558:6:LoRa_Init	72	static
